======================================================================
AUTOMATISIERTE TESTS MIT VERSCHIEDENEN SEEDS
======================================================================

Geplante Läufe: 5
Seeds: [12345, 67890, 11111, 22222, 33333]

--- Lauf mit Seed: 12345 ---
  Starte: /home/czymic/Dokumente/daten/sandbox/apps/iwt/build/bin/iwt --seed 12345
  Simulation beendet (RC=0)

  Analysiere Lauf 1...
  GIF gespeichert: /home/czymic/Dokumente/daten/sandbox/apps/iwt/build/bin/lauf_001_mass.gif
  GIF gespeichert: /home/czymic/Dokumente/daten/sandbox/apps/iwt/build/bin/lauf_001_charge.gif
  Lauf 1 abgeschlossen.

--- Lauf mit Seed: 67890 ---
  Starte: /home/czymic/Dokumente/daten/sandbox/apps/iwt/build/bin/iwt --seed 67890
  Simulation beendet (RC=0)

  Analysiere Lauf 2...
  GIF gespeichert: /home/czymic/Dokumente/daten/sandbox/apps/iwt/build/bin/lauf_002_mass.gif
  GIF gespeichert: /home/czymic/Dokumente/daten/sandbox/apps/iwt/build/bin/lauf_002_charge.gif
  Lauf 2 abgeschlossen.

--- Lauf mit Seed: 11111 ---
  Starte: /home/czymic/Dokumente/daten/sandbox/apps/iwt/build/bin/iwt --seed 11111
  Simulation beendet (RC=0)

  Analysiere Lauf 3...
  GIF gespeichert: /home/czymic/Dokumente/daten/sandbox/apps/iwt/build/bin/lauf_003_mass.gif
  GIF gespeichert: /home/czymic/Dokumente/daten/sandbox/apps/iwt/build/bin/lauf_003_charge.gif
  Lauf 3 abgeschlossen.

--- Lauf mit Seed: 22222 ---
  Starte: /home/czymic/Dokumente/daten/sandbox/apps/iwt/build/bin/iwt --seed 22222
  Simulation beendet (RC=0)

  Analysiere Lauf 4...
  GIF gespeichert: /home/czymic/Dokumente/daten/sandbox/apps/iwt/build/bin/lauf_004_mass.gif
  GIF gespeichert: /home/czymic/Dokumente/daten/sandbox/apps/iwt/build/bin/lauf_004_charge.gif
  Lauf 4 abgeschlossen.

--- Lauf mit Seed: 33333 ---
  Starte: /home/czymic/Dokumente/daten/sandbox/apps/iwt/build/bin/iwt --seed 33333
  Simulation beendet (RC=0)

  Analysiere Lauf 5...
  GIF gespeichert: /home/czymic/Dokumente/daten/sandbox/apps/iwt/build/bin/lauf_005_mass.gif
  GIF gespeichert: /home/czymic/Dokumente/daten/sandbox/apps/iwt/build/bin/lauf_005_charge.gif
  Lauf 5 abgeschlossen.

======================================================================
ALLE LÄUFE ABGESCHLOSSEN
======================================================================

Erstellte GIFs:
  lauf_001_charge.gif
  lauf_001_mass.gif
  lauf_002_charge.gif
  lauf_002_mass.gif
  lauf_003_charge.gif
  lauf_003_mass.gif
  lauf_004_charge.gif
  lauf_004_mass.gif
  lauf_005_charge.gif
  lauf_005_mass.gif
